https://gallica.bnf.fr/ark:/12148/bpt6k48218b/f14.highres
https://gallica.bnf.fr/ark:/12148/bpt6k101365b/f1.highres
